example_basic_service/api.go
example_basic_service/client/client_echo_test.go
example_basic_service/client/client_ping_test.go
example_basic_service/client/client_test.go
example_basic_service/client/client_use_many_types_test.go
example_basic_service/client/local/client.go
example_basic_service/internal/echo.go
example_basic_service/internal/ping.go
example_basic_service/internal/use_many_types.go
