?   	github.com/thecodedproject/servicegen/example_basic_service	[no test files]
?   	github.com/thecodedproject/servicegen/example_basic_service/basicpb	[no test files]
=== RUN   TestClientLocal
    suite.go:229: warning: no tests to run
--- PASS: TestClientLocal (X.XXs)
PASS
ok  	github.com/thecodedproject/servicegen/example_basic_service/client	X.XXXs
?   	github.com/thecodedproject/servicegen/example_basic_service/client/local	[no test files]
?   	github.com/thecodedproject/servicegen/example_basic_service/internal	[no test files]
?   	github.com/thecodedproject/servicegen/example_basic_service/resources	[no test files]
