?   	github.com/thecodedproject/servicegen/example_basic_service	[no test files]
?   	github.com/thecodedproject/servicegen/example_basic_service/basicpb	[no test files]
=== RUN   TestClientLocal
=== RUN   TestClientLocal/TestEcho
=== RUN   TestClientLocal/TestEcho/empty
    client_echo_test.go:21: 
        	Error Trace:	/Users/jonathancooper/code/codedproject/servicegen/example_basic_service/client/client_echo_test.go:21
        	Error:      	TODO: Implement test...
        	Test:       	TestClientLocal/TestEcho/empty
=== RUN   TestClientLocal/TestPing
=== RUN   TestClientLocal/TestPing/empty
    client_ping_test.go:21: 
        	Error Trace:	/Users/jonathancooper/code/codedproject/servicegen/example_basic_service/client/client_ping_test.go:21
        	Error:      	TODO: Implement test...
        	Test:       	TestClientLocal/TestPing/empty
=== RUN   TestClientLocal/TestUseManyTypes
=== RUN   TestClientLocal/TestUseManyTypes/empty
    client_use_many_types_test.go:21: 
        	Error Trace:	/Users/jonathancooper/code/codedproject/servicegen/example_basic_service/client/client_use_many_types_test.go:21
        	Error:      	TODO: Implement test...
        	Test:       	TestClientLocal/TestUseManyTypes/empty
--- FAIL: TestClientLocal (X.XXs)
    --- FAIL: TestClientLocal/TestEcho (X.XXs)
        --- FAIL: TestClientLocal/TestEcho/empty (X.XXs)
    --- FAIL: TestClientLocal/TestPing (X.XXs)
        --- FAIL: TestClientLocal/TestPing/empty (X.XXs)
    --- FAIL: TestClientLocal/TestUseManyTypes (X.XXs)
        --- FAIL: TestClientLocal/TestUseManyTypes/empty (X.XXs)
=== RUN   TestClientGRPC
=== RUN   TestClientGRPC/TestEcho
=== RUN   TestClientGRPC/TestEcho/empty
    client_echo_test.go:21: 
        	Error Trace:	/Users/jonathancooper/code/codedproject/servicegen/example_basic_service/client/client_echo_test.go:21
        	Error:      	TODO: Implement test...
        	Test:       	TestClientGRPC/TestEcho/empty
=== RUN   TestClientGRPC/TestPing
=== RUN   TestClientGRPC/TestPing/empty
    client_ping_test.go:21: 
        	Error Trace:	/Users/jonathancooper/code/codedproject/servicegen/example_basic_service/client/client_ping_test.go:21
        	Error:      	TODO: Implement test...
        	Test:       	TestClientGRPC/TestPing/empty
=== RUN   TestClientGRPC/TestUseManyTypes
=== RUN   TestClientGRPC/TestUseManyTypes/empty
    client_use_many_types_test.go:21: 
        	Error Trace:	/Users/jonathancooper/code/codedproject/servicegen/example_basic_service/client/client_use_many_types_test.go:21
        	Error:      	TODO: Implement test...
        	Test:       	TestClientGRPC/TestUseManyTypes/empty
--- FAIL: TestClientGRPC (X.XXs)
    --- FAIL: TestClientGRPC/TestEcho (X.XXs)
        --- FAIL: TestClientGRPC/TestEcho/empty (X.XXs)
    --- FAIL: TestClientGRPC/TestPing (X.XXs)
        --- FAIL: TestClientGRPC/TestPing/empty (X.XXs)
    --- FAIL: TestClientGRPC/TestUseManyTypes (X.XXs)
        --- FAIL: TestClientGRPC/TestUseManyTypes/empty (X.XXs)
FAIL
FAIL	github.com/thecodedproject/servicegen/example_basic_service/client	X.XXXs
?   	github.com/thecodedproject/servicegen/example_basic_service/client/grpc	[no test files]
?   	github.com/thecodedproject/servicegen/example_basic_service/client/local	[no test files]
?   	github.com/thecodedproject/servicegen/example_basic_service/internal	[no test files]
?   	github.com/thecodedproject/servicegen/example_basic_service/resources	[no test files]
?   	github.com/thecodedproject/servicegen/example_basic_service/server	[no test files]
FAIL
