package client_test

import (
	suite "github.com/stretchr/testify/suite"
	basic "github.com/thecodedproject/servicegen/example_basic_service"
	client_local "github.com/thecodedproject/servicegen/example_basic_service/client/local"
	resources "github.com/thecodedproject/servicegen/example_basic_service/resources"
	testing "testing"
)

type clientSuite struct {
	suite.Suite

	createClient func(resources.Resources) basic.Client
}

type TestClientLocalSuite struct {
	clientSuite
}

func (ts *TestClientLocalSuite) SetupTest() {

	ts.createClient = func(r resources.Resources) basic.Client {
		return client_local.New(r)
	}
}

func TestClientLocal(t *testing.T) {

	suite.Run(t, new(TestClientLocalSuite))
}

