package basic

import (
	context "context"
	resources "github.com/thecodedproject/servicegen/example_basic_service/resources"
)

func UseManyTypes(
	ctx context.Context,
	r resources.Resources,
	one int32,
	two int64,
	three float64,
	four string,
	five []byte,
	six bool,
) (int32, int64, float64, string, []byte, bool, error) {

	return 0, 0, 0, "", nil, false, nil
}

